came upon a low curtain she had not noticed before and behind it was
