a little door about fifteen inches high she tried the little golden key in the lock and to her great delight it fitted alice opened the door and found that it led into a small passage not much larger than a rathole she knelt down and looked along the passage into the loveliest garden
