you ever saw how she longed to get out of that dark hall and wander about among those beds of bright flowers and those cool fountains but she could not even
