get her head through the doorway and even if my head would go through thought poor alice it would be of very little use without my shoulders oh how i wish i
