if i only know how to begin for you see so many outoftheway things had happened lately that alice had begun to think that very few things indeed were really impossible there seemed to be no use in waiting by the little door so she went back to the table half hoping she might find another key on it
