or at any rate a book of rules for shutting people up like telescopes this time she found a little bottle on it which certainly was not here before said alice and round the neck of the bottle was a paper label with the words drink me beautifully printed on
