severely as to bring tears into her eyes and once she remembered trying to box her own ears for having cheated herself in a game of croquet she was playing against herself for this curious child was very fond of pretending to be two
