people but its no use now thought poor alice to pretend to be
