was quite surprised to find that she remained the same size to be sure this generally happens when one eats cake but alice had got so much into the way of expecting nothing but outoftheway things to happen that it seemed quite dull and stupid for life to go on in the common way so she set to work and very soon finished off the cake chapter
