who will put on your shoes and stockings for you now dears im sure i shant
