she would manage it they must go by the carrier she thought and how funny itll seem
