again you ought to be ashamed of yourself said alice a great girl like you she might well say this to go on crying in this way stop this moment i tell you but she went on all the same shedding gallons of tears until there was a large pool all round her about four inches deep and reaching half down the hall after a time she
