for her hair goes in such long ringlets and mine doesnt go in ringlets at all and im sure i cant be mabel for i know all sorts of things and she oh she knows such a very little besides shes she and im i andoh dear how puzzling it all is ill try if i know all the things i used to know let me see four times five is twelve and four times six is thirteen and
