as she went on i must be mabel after all and i shall have to go and live in that poky little house and have next to no toys to play with and oh ever so many lessons to learn no ive made up my mind about it if im mabel ill stay down here itll be no use their putting their heads down and saying come up again dear i shall only look up and say who am i then tell me that first and then if i like being that person ill come up if not ill stay down here till im somebody elsebut oh dear cried alice with a sudden burst of tears i do wish they would put their heads down i am so very tired of being all alone here as she said this she looked down at her hands
