and was surprised to see that she had put on one of the rabbits little white kid gloves while she was talking how can i have done that she thought i must be growing small again she got up and went to the table to measure herself by it and found that as nearly as she could guess she was now about two feet high and was going on shrinking rapidly she soon found out that the cause of this was the fan she was holding and she dropped it hastily just in time to avoid shrinking away altogether that was a narrow escape said alice a good deal frightened at the sudden change but very glad
