to find herself still in existence and now for the garden and she ran with all speed back to the little door but alas the little door was shut again and the little golden key was lying on the glass table as before and things are worse than ever thought the poor child for i never was so small as this before never and i declare its too bad that it is as she said these words her foot slipped
