said nothing perhaps it doesnt understand english thought alice i daresay its a french mouse come over with william the conqueror for with all her knowledge of history alice had no very clear notion how long ago anything had happened so she began again ou est ma chatte which was the first sentence in her french lessonbook the mouse gave a sudden leap out of the water and seemed to quiver all over with fright oh i beg your pardon cried alice hastily afraid that she had hurt the poor animals feelings i quite forgot you didnt like
