who was trembling down to the end of his tail as if i would talk on such a subject our family always hated cats nasty low vulgar things dont let me hear the name again i wont indeed said alice in a great hurry to change the subject of conversation are youare you fondofof dogs the mouse did not answer so alice went on eagerly there is such a nice little dog near our house i should like to show you a little brighteyed terrier you know with oh such long curly brown hair and itll
