fetch things when you throw them and itll sit up and beg for its dinner and all sorts of thingsi cant remember half of themand it belongs to a farmer you know and
