he says its so useful its worth a hundred pounds he says it kills all the rats andoh dear cried alice in a sorrowful tone im afraid ive offended it again for the mouse was swimming away from her as hard as it could go and making quite a commotion in the pool as it went so she called softly after it mouse dear do come back again and we wont talk about cats or dogs either if you dont like them when the mouse heard this it turned round and swam slowly back to her its face was quite pale
