that had fallen into it there were a duck and a dodo a lory and an eaglet and several other curious creatures alice led the way and the whole party swam to the shore chapter iii a caucusrace and a long tale they were indeed a queerlooking party that assembled on the bankthe birds with draggled feathers the animals with their fur clinging close to them and all dripping wet cross and uncomfortable the first question of course was how to get dry again
