7
hadnt
halfpast
hand
handwriting
heels
hung
hungry
jackinthebox
jellyfish
jumped
jumping
juror
jurors
jurymen
