18
daisies
daresay
days
depends
die
diligently
dinahs
disappointment
distancebut
done
doori
downward
dreamed
drew
drink
drop
dropping
dunce
