19
fairly
farmyardwhile
favoured
feeling
felt
fetch
find
finished
firstthey
flame
flock
footmen
forget
forgotten
found
free
friend
fun
fur
