9
wags
walked
weeks
while
whiskers
window
winter
wits
writingdesks
