14
lacie
languid
larger
laugh
leaving
led
life
like
likely
linked
list
living
lost
loud
