7
natural
neighbour
neither
newspapers
nonsense
northumbria
number
