17
jackinthebox
jar
jaw
jaws
jellyfish
jogged
join
journey
joys
judge
judging
jumping
juror
jurors
jurymen
just
justice
