8
pet
poker
pounds
poured
prevent
processions
pulled
puzzling
