14
daughter
deal
death
delay
delight
did
difficult
difficulty
digging
dinahll
dispute
door
dry
duchesss
