20
dainties
day
days
dayschool
delight
dinahll
dipped
disappointment
dispute
dodged
dodo
doesnt
downwards
doze
drawing
dreamy
dressed
drew
dried
dry
