39
saucepan
saw
scratching
seashore
seldom
settling
severely
shell
shilling
shoes
shook
shouted
shrimp
signifies
signify
simpleton
six
sixteenth
slippery
sluggard
sneezing
snout
soldier
solemn
solemnly
song
sourand
spades
spite
standing
station
stick
stirring
stood
stoop
stopping
such
sudden
sulky
