122
had
hadnt
hair
half
halfpast
hall
hand
handed
hands
handsome
handwriting
hanging
happen
happened
happening
happens
happy
hard
hardly
hare
harm
has
hasnt
haste
hastily
hat
hatching
hate
hatec
hated
hatter
hatters
have
havent
having
he
head
headbrandy
heads
heap
hear
heard
hearing
heart
hearth
hearthrug
hearts
heavy
hed
hedge
hedgehog
hedgehogs
hedges
heels
height
held
hell
help
helped
helpless
her
herald
here
hers
herself
hersshe
hes
hid
hide
high
highest
him
himhow
himit
himself
hint
hippopotamus
his
hiss
histories
history
hit
hjckrrh
hm
hoarse
hoarsely
hold
holding
holiday
hollow
home
honest
honour
hookah
hope
hoped
hopeful
hopeless
hoping
hot
hottempered
hour
hours
house
housemaid
houses
how
however
howled
howling
humble
humbly
hundred
hung
hungry
hunting
hurried
hurriedly
hurry
hurrying
hurt
hush
