19
keep
keeping
kept
key
kill
kind
king
kings
knave
knee
kneel
knife
knocked
knot
know
knowing
known
knowno
knuckles
labelled
lady
larger
learn
learning
least
leaving
led
less
lessen
lessons
let
letter
listeners
lobster
locked
lookout
love
lower
