21
lamps
lately
latin
latitude
laughed
lazily
leaves
lefthand
lessonbooks
licking
life
lifted
lobsters
lock
lodging
lonely
long
longer
looked
lookout
losing
