8
unfortunate
unpleasant
unrolled
unusually
unwillingly
useful
usually
usurpation
