49
ugh
uglification
uglify
uglifying
ugly
unable
uncivil
uncomfortable
uncomfortably
uncommon
uncommonly
uncorked
under
underneath
understand
understood
undertone
undo
undoing
uneasily
uneasy
unfolded
unfortunate
unhappy
unimportant
unjust
unless
unlocking
unpleasant
unrolled
until
untwist
unusually
unwillingly
up
upon
upright
upset
upsetting
upstairs
us
use
used
usedand
useful
using
usual
usually
usurpation
