11
vague
venture
vi
vii
vinegar
visit
voice
voices
voiceshold
voicethe
vulgar
