13
tails
teatime
thatit
thenbills
these
theyve
those
tight
took
tremble
triumphantly
trusts
twentyfour
