12
vague
vanishing
variations
vegetable
velvet
verses
very
viii
violence
violently
voiceshold
vote
