8
ventured
verse
very
vi
vii
violently
voice
vulgar
