20
ma
maam
mabel
machines
majesty
make
manners
many
mark
master
meanwhile
meet
messages
missed
mock
modern
moment
moon
mouseto
mousetraps
quadrille
quarrel
quarrelled
quarrelling
queen
queens
queer
queerest
queerlooking
queershaped
question
questions
questionshow
quick
quicker
quickly
quiet
quietly
quite
quiver
