20
quadrille
quarrel
quarrelled
quarrelling
queen
queens
queer
queerest
queerlooking
queershaped
question
questions
questionshow
quick
quicker
quickly
quiet
quietly
quite
quiver
