60
o
obliged
oblong
obstacle
occasional
occasionally
occurred
oclock
odd
of
off
offend
offended
offer
officer
officers
often
oh
ointmentone
old
older
oldest
on
once
one
onebut
ones
oneself
onions
only
open
opened
opening
opinion
opportunity
opposite
or
orange
order
ordered
ordering
ornamented
other
otherbill
others
otherwise
ou
ought
our
ours
ourselves
out
outoftheway
outside
over
overcome
overhead
owl
own
oyster
