Unparse: ((((1 + 2) * (3 * (4 + 5))) * 6) + 7)
Result: 493
Done
