Unparse: ((1 + 3) * (4 + 5))
Result: 36
Unparse: ((((1 + 2) + 3) + 4) + 5)
Result: 15
Done
