Unparse: 42
Result: 42
Unparse: 1
Result: 1
Unparse: (1 + 2)
Result: 3
Done
