
tossing

heathen heather
querist
baby cavy davy easy gaby gamy hazy lacy lady lazy many mary mazy nary navy racy vary wary wavy waxy zany

crme crabs crack craft craig crake cramp crane crank crape craps crash crass crate crave crawl craze crazy creak cream creat crecy crede credo creed creek creel creep creme crepe cress crest crete crick crier crime crimp crisp crith crius croak croat crock croft crone crony crook croon crore cross croup crowd crown crows crude cruel cruet crumb crump cruse crush crust crypt
balaenoptera


toledo
pincushion


babblement

rediscovery
anglophobia
oudre
delairea
overpaid

honduran honduras


wade wadi waft wage wags wahr waif wail wain wait wake wale wali walk wall wand wane want ward ware warf warm warn warp wart wary wash wasp wats watt wave wavy waxy ways weak weal wean wear weed week weel ween weep weet weft weir weit weka weld well welt wend were west wham whap what when whet whew whey whif whig whim whin whip whir whit whiz whoa whom whop whos wick wide wife wild wile will wilt wily wimp wind wine wing wink wins winy wipe wird wire wiry wise wish wisk wisp with wits wive woad wold wolf womb wont wood woof wool woon word work worm worn wort wrap wren writ wynd wyrd
lampooner





bluebottle

regina retina rivina romana romona

freewill
farming




paycheck
dropkick
untrodden

burbling purblind

bedlight
aflak aglet aglow allah allay aller alley allot allow alloy allyl atlas balas balky balle balls balmy balsa belay belch belie bella belle belli bello bells belly below belus bilbo bilge bilgy bills billy bolti bolus bulge bulky bulla bulls bully bylaw calbe calla calls calms calva calve calyx cello celom celui chloe cilia coles colic colon color colza culex cully culpa dalal dalea dalle dally delay delft delhi delta delve dildo dilly dolce dolly dolor dulce dulia dully dulse dylan eblis eclat enlil eolus falak falco falln falls false falsi felis felix felon filar filch filer files fille filly filmy filth folio folks folly fullc fully galan galax galen galop gelid giles gills golem golly gulag gulch gules gully gulph haler halma halve helen helix hello hells helot helps helve hilar hills hilly hilum holds holes holey holly holus hulks hulky idler igloo illae illis inlay inlet islam islet jaldi jelly jolly julep kalki kalon kills kolam kyles kylie lally lilac lilly lolly lulld malay maldu maleo malis malmo malta malto malum malus malva melee meles melia melic melon milan milch miler milky molar moldy moles molly molto molva mulch mulct mulet multa multi mylar nella nilly nolle nulla nulli nylon ogler oiled orlon owlet oxlip palce palki palms palmy palsy phlox pilaf pilea piles pilon pilot pilus polak polar poles polio polka polls polyp pulex pulpy pulse pylon rally relax relay relic rolls ruled ruler rules salad salai salal salem salis salix sally salmi salmo salol salon salsa salto salts saltu salty salva salve salvo selar selma selon silex silks silky silly silty silva solan solar solea soled solfa solid solon solum solus solve splat splay split sulks sulky sulla sully sylph tales talia talls tally talma talon talus telum tilde tiled tilia tilth tulip tulit tulle tulsa tyler unled valde valet valid valmy valor value valve velar veldt velis velit velow villa villi volat voles volga volie volto volva vultu vulva waler wales walks walls waltz welsh wiles wilig willy wolof xylem yalta zilch





mensch
oriental oriented

sheathed



contingency
bespot casper cusped despot dispel gospel hispid hospes inspan jasper lisper rasper vespid


weariness
note

caracas
aedes aegis aegri aequa aequo aerie aesir aesop aetas beach beads beady beams beamy beard beast beati beats beaut bebas bebop beche becks bedel bedew bedim beech beefy beery befit befog beget begin begum begun beige being belay belch belie bella belle belli bello bells belly below belus bench benin bercy beret beroe berry berth beryl beset besom besot beste betel betty bevel bever bevue bezel cease cebus cecal cecum cedar ceiba ceibo cello celom celui cento ceras ceres ceric cerni certa deads death debar debit debts debut decal decay decet decit decks decoy decry dedit deeds defer defie deify deign deism deist deity deker dekko delay delft delhi delta delve demel demon demos demur denim dense dents depee depot depth derby derri derry desto detat deter detox detre deuce devel devex devil devon dewan dewey eerie fears feast feats feaze fecal feces fecit feels feeze feign feint felis felix felon femme femur fence fenny feoff feral ferat feria feroe ferre ferry fesse fetal fetch feted fetid fetor fetus fever fewer geant gecko geese geist gelid gemma genet genic genie genip genoa genou genre genug genus gerea germy geste heads heady heald heaps heard heart heath heave heavy hecha hedge heels hefty hegel heirs heiss heist helen helix hello hells helot helps helve hemal hemic hence henna henry herba herbe herbs herds herod heron hertz heure hevea hewer hexed jecur jelly jemmy jenny jerez jerid jerks jerky jerry jests jesus jeter jetty jeune jewel jewis keats keble kedge keeps kempt kenaf kenya ketch keyed leach leads leafy leaky leaps learl learn lease leash least leave leben ledge ledum leech leeds leery legal legem leges leggy legis legon leman lemma lemna lemon lemur lends lenin lente lento leone lepas leper lepus lerot lethe letup leuco levee level lever levin lexis leyte mealy means meant meaty mecca mecum medal medea medes media medic medio medoc meets melee meles melia melic melon memor mens mente merci mercy merge merit merry mesic mesne meson messy mesua metal meter metic metis metro meurt meuse mewed mezzo neats necio necks needs needy nefas negev negro negus nehru neigh nella nenia nepal nepos neque nerve nervy never nevis newel newly newsy nexus oevum peace peach peaks peaky pearl peaty pecan pecos pedal pedir peers peeve peice peine penal pence pengo penis penni penny pense peony peppy pepsi peras perca perch perde perdu perdy peril perit perry perte perth pesky petal peter petit petto petty pewee reach react ready realm reams reave rebel rebus rebut recce recte recti recto recur redan redet redly reedy reefs reefy reeky reeve refer refit regal regem reges regia regis regle regna regni regum regur reich reigh reign reins reise relax relay relic remis remit remus rendu renew rents repay repel reply rerum rerun reset resin reste resty retch retem revel revue seale seals seamy seats sebum sects sedan seder sedge sedgy sedum seeds seedy seems seent segar segno seine seize selar selma selon semel semen senes senna senor sense sente seoul sepal sepia sepoy serac serer serge seria serif serin seris seron serow serum serve servo setto setup seven sever sewed sewer sexed teach tears teary tease tebet techy tecta tecum teddy tedge teens teeny teeth tehee tekel telum tempi tempo temps tempt tenax tench tenet tenez tenon tenor tense tente tenth tents tenue tenus tepee tepid terce teres tergo terms terra terre terry terse tesla testa teste testy tetra tetto texan texas vedas vedic veery vegan vehis veins velar veldt velis velit velow venal venir venit venom venue venus verba verbs verge verpa verre versa verse verso verst verte vertu verum verve vespa vesta vetch veuve vexed weald wears weary weave weber wedge weeds weedy weepy weigh weile weird weiss welsh wench werth xebec xenon xeres xeric xerox yearn years yeast yeats yeild yemen yenta zebra


hexaglot

banyan baryon bunyan canyon crayon kenyan libyan

physidae
comfortingly
copying

cyclosorus

crocethia

bell cell deal dell feel fell heal heel heil hell jell keel leal meal mewl peal peel real reel seal seel sell teal tell veal veil weal weel well yell zeal

frank freak frisk frock
thereinafter



nuance
misology monology mycology
impish impose impost
ana and ani ant anu any end ene ens gnu ing ink inn ins int mnd one ons tnt una und une uno uns



